
<DESCRIBE::>group 1

<IT::>test 1

<PASSED::>Test Passed

<COMPLETEDIN::>0

<COMPLETEDIN::>0

<DESCRIBE::>group 2

<IT::>test 1

<PASSED::>Test Passed

<COMPLETEDIN::>0

<COMPLETEDIN::>0
