
<DESCRIBE::>group 1

<DESCRIBE::>group 1 1

<IT::>test 1

<PASSED::>Test Passed

<COMPLETEDIN::>0

<COMPLETEDIN::>0

<COMPLETEDIN::>0
