
<DESCRIBE::>group 1

<IT::>test 1

<PASSED::>Test Passed

<COMPLETEDIN::>0

<IT::>test 2

<FAILED::>Expected values to be strictly equal:<:LF:><:LF:>1 !== 2<:LF:>

<COMPLETEDIN::>2

<COMPLETEDIN::>2
